The MPI test test_mpi for CXX in mode normal failed to compile with the following output:
Change Dir: D:/Download/mpi-lab/build/CMakeFiles/CMakeTmp

Run Build Command(s):D:/mingw64/bin/mingw32-make.exe -f Makefile cmTC_f7399/fast && D:/mingw64/bin/mingw32-make.exe  -f CMakeFiles\cmTC_f7399.dir\build.make CMakeFiles/cmTC_f7399.dir/build
mingw32-make.exe[1]: Entering directory 'D:/Download/mpi-lab/build/CMakeFiles/CMakeTmp'
Building CXX object CMakeFiles/cmTC_f7399.dir/test_mpi.cpp.obj
D:\mingw64\bin\g++.exe    -o CMakeFiles\cmTC_f7399.dir\test_mpi.cpp.obj -c D:\Download\mpi-lab\build\CMakeFiles\FindMPI\test_mpi.cpp
D:\Download\mpi-lab\build\CMakeFiles\FindMPI\test_mpi.cpp:1:10: fatal error: mpi.h: No such file or directory
 #include <mpi.h>
          ^~~~~~~
compilation terminated.
mingw32-make.exe[1]: *** [CMakeFiles\cmTC_f7399.dir\build.make:77: CMakeFiles/cmTC_f7399.dir/test_mpi.cpp.obj] Error 1
mingw32-make.exe[1]: Leaving directory 'D:/Download/mpi-lab/build/CMakeFiles/CMakeTmp'
mingw32-make.exe: *** [Makefile:126: cmTC_f7399/fast] Error 2



The MPI test test_mpi for CXX in mode normal failed to compile with the following output:
Change Dir: D:/Download/mpi-lab/build/CMakeFiles/CMakeTmp

Run Build Command(s):D:/mingw64/bin/mingw32-make.exe -f Makefile cmTC_673f2/fast && D:/mingw64/bin/mingw32-make.exe  -f CMakeFiles\cmTC_673f2.dir\build.make CMakeFiles/cmTC_673f2.dir/build
mingw32-make.exe[1]: Entering directory 'D:/Download/mpi-lab/build/CMakeFiles/CMakeTmp'
Building CXX object CMakeFiles/cmTC_673f2.dir/test_mpi.cpp.obj
D:\mingw64\bin\g++.exe    -o CMakeFiles\cmTC_673f2.dir\test_mpi.cpp.obj -c D:\Download\mpi-lab\build\CMakeFiles\FindMPI\test_mpi.cpp
D:\Download\mpi-lab\build\CMakeFiles\FindMPI\test_mpi.cpp:1:10: fatal error: mpi.h: No such file or directory
 #include <mpi.h>
          ^~~~~~~
compilation terminated.
mingw32-make.exe[1]: *** [CMakeFiles\cmTC_673f2.dir\build.make:77: CMakeFiles/cmTC_673f2.dir/test_mpi.cpp.obj] Error 1
mingw32-make.exe[1]: Leaving directory 'D:/Download/mpi-lab/build/CMakeFiles/CMakeTmp'
mingw32-make.exe: *** [Makefile:126: cmTC_673f2/fast] Error 2



